| main.go:46:57:46:59 | nil |
| main.go:52:13:52:34 | call to NopCloser |
