| main.go:38:10:38:40 | type conversion |
| main.go:40:20:40:30 | "Body text" |
